Result	Exit Code	Exp Code	Input Type	shell Exit Var	shell Expected Exit Var	Calling Params	Error Message	Shell	Description
